<testsuites id="" name="" tests="3" failures="0" skipped="0" errors="0" time="1.9321200000000098">
<testsuite name="auth-extended.spec.ts" timestamp="2025-12-18T01:23:32.388Z" hostname="chromium" tests="3" failures="0" skipped="0" time="0.099" errors="0">
<testcase name="🔐 US-001: Tests Extendidos de Autenticación › TC-US-001-03: Login con usuario inexistente (Borde)" classname="auth-extended.spec.ts" time="0.051">
<system-out>
<![CDATA[
[[ATTACHMENT|..\e2e-tests\test-results\auth-extended-🔐-US-001-Te-bf18f--usuario-inexistente-Borde--chromium\trace.zip]]
]]>
</system-out>
</testcase>
<testcase name="🔐 US-001: Tests Extendidos de Autenticación › TC-US-001-04: Validar expiración de token JWT (Seguridad)" classname="auth-extended.spec.ts" time="0.022">
<system-out>
<![CDATA[
[[ATTACHMENT|..\e2e-tests\test-results\auth-extended-🔐-US-001-Te-62020-ión-de-token-JWT-Seguridad--chromium\trace.zip]]
]]>
</system-out>
</testcase>
<testcase name="🔐 US-001: Tests Extendidos de Autenticación › TC-US-001-05: Control RBAC - Mesero intenta acción de admin (Seguridad)" classname="auth-extended.spec.ts" time="0.026">
<system-out>
<![CDATA[
[[ATTACHMENT|..\e2e-tests\test-results\auth-extended-🔐-US-001-Te-210fa--acción-de-admin-Seguridad--chromium\trace.zip]]
]]>
</system-out>
</testcase>
</testsuite>
</testsuites>